$ playwright test
[WebServer] (node:39496) Warning: The 'NO_COLOR' env is ignored due to the 'FORCE_COLOR' env being set.
[WebServer] (Use `node --trace-warnings ...` to show where the warning was created)
[WebServer] (node:28980) Warning: The 'NO_COLOR' env is ignored due to the 'FORCE_COLOR' env being set.
[WebServer] (Use `node --trace-warnings ...` to show where the warning was created)
[WebServer] (node:15748) Warning: The 'NO_COLOR' env is ignored due to the 'FORCE_COLOR' env being set.
[WebServer] (Use `node --trace-warnings ...` to show where the warning was created)
[WebServer] (node:15748) Warning: The 'NO_COLOR' env is ignored due to the 'FORCE_COLOR' env being set.
[WebServer] (Use `node --trace-warnings ...` to show where the warning was created)
[WebServer] [Cache] Redis unavailable (connection error). Seamlessly falling back to in-memory store.
[WebServer] (node:41792) Warning: The 'NO_COLOR' env is ignored due to the 'FORCE_COLOR' env being set.
[WebServer] (Use `node --trace-warnings ...` to show where the warning was created)
[WebServer] $ vite preview "--port" "4173"
[WebServer] (node:42876) Warning: The 'NO_COLOR' env is ignored due to the 'FORCE_COLOR' env being set.
[WebServer] (Use `node --trace-warnings ...` to show where the warning was created)

Running 171 tests using 1 worker

(node:43724) Warning: The 'NO_COLOR' env is ignored due to the 'FORCE_COLOR' env being set.
(Use `node --trace-warnings ...` to show where the warning was created)
  ok   1 [setup] › e2e\auth.setup.ts:10:6 › create a real signed admin session for legacy UI fixtures (180ms)
(node:32340) Warning: The 'NO_COLOR' env is ignored due to the 'FORCE_COLOR' env being set.
(Use `node --trace-warnings ...` to show where the warning was created)
  ok   2 [chromium] › e2e\active-speaker-indicator.spec.ts:4:7 › 远端与本地活跃说话者绿色指示器自动化验收 (Active Speaker Indicator E2E) › 远端用户说话时，在侧边栏成员展开列表与语音大厅卡片均实时展现绿色边框与光圈 (996ms)
  ok   3 [chromium] › e2e\admin-and-dm.spec.ts:27:7 › 超级管理员控制台与私信列表全链路端到端验收 › 超级管理员登录后：具备管理入口、可开启看板模态框、切换四大标签页与发布全网广播 (768ms)
  ok   4 [chromium] › e2e\admin-and-dm.spec.ts:317:7 › 超级管理员控制台与私信列表全链路端到端验收 › 普通用户登录：无管理员盾牌，可切换私信列表并查看会话与呼叫按钮 (552ms)
  ok   5 [chromium] › e2e\attachment-upload.spec.ts:15:7 › 附件上传与发信授权验收 (Attachment Upload & Message Send) › 在频道中上传附件并发送，验证上传授权有效、消息成功发送且渲染缩略图 (819ms)
  ok   6 [chromium] › e2e\attachment-upload.spec.ts:120:7 › 附件上传与发信授权验收 (Attachment Upload & Message Send) › 纯附件上传（输入框无任何文字）直接按下 Enter 键，验证消息能正常发送且缩略图不裂图 (943ms)
  ok   7 [chromium] › e2e\attachment-upload.spec.ts:246:7 › 附件上传与发信授权验收 (Attachment Upload & Message Send) › 不可预览的附件显示文件信息并提供可用的下载 (710ms)
  ok   8 [chromium] › e2e\audio-device-hot-swap.spec.ts:4:7 › 语音输入配置热切换与无缝推流验收 (Audio Input Hot Swap E2E) › 验证通话中切换麦克风输入设备与声学算法开关零断流、快捷下拉菜单及持久化机制 (1.1s)
  ok   9 [chromium] › e2e\auth-background.spec.ts:4:7 › Web 登录界面步进式流转、shake 错误动效与阻止默认刷新端到端验收 › 1. Web 登录界面首屏呈现邮箱输入，输入已有账号平滑流转至密码登录，输错密码触发 shake 红框晃动与错误信息 (622ms)
  ok  10 [chromium] › e2e\auth-background.spec.ts:66:7 › Web 登录界面步进式流转、shake 错误动效与阻止默认刷新端到端验收 › 2. 输入未注册邮箱跳转至注册模式，邮箱呈现为 disabled，支持修改邮箱返回首屏 (827ms)
  ok  11 [chromium] › e2e\auth-background.spec.ts:109:7 › Web 登录界面步进式流转、shake 错误动效与阻止默认刷新端到端验收 › 3. 前端邮箱格式合法性校验：空邮箱与非标准格式拦截、红框晃动动画及重输自动清除 (589ms)
  ok  12 [chromium] › e2e\auth-session-lifecycle.spec.ts:23:7 › session rotation and saved-account recovery › session-only login refreshes without persisting credentials (511ms)
  ok  13 [chromium] › e2e\auth-session-lifecycle.spec.ts:49:7 › session rotation and saved-account recovery › temporary refresh outage retains credentials and does not ask for password (560ms)
  ok  14 [chromium] › e2e\auth-session-lifecycle.spec.ts:82:7 › session rotation and saved-account recovery › switching A to B and back keeps each remembered login (626ms)
  ok  15 [chromium] › e2e\auth-session-lifecycle.spec.ts:120:7 › session rotation and saved-account recovery › logout revokes the current session (237ms)
  ok  16 [chromium] › e2e\auth-session-lifecycle.spec.ts:143:7 › session rotation and saved-account recovery › refresh lifetime is 30 days and rotation is atomic (255ms)
  ok  17 [chromium] › e2e\auth-session-lifecycle.spec.ts:200:7 › session rotation and saved-account recovery › two tabs share one rotation without losing login (790ms)
  ok  18 [chromium] › e2e\auth-stale-startup.spec.ts:12:9 › invalid retained local credentials return to login at / (465ms)
  ok  19 [chromium] › e2e\auth-stale-startup.spec.ts:12:9 › invalid retained session credentials return to login at / (443ms)
  ok  20 [chromium] › e2e\auth-stale-startup.spec.ts:12:9 › invalid retained access-only credentials return to login at / (444ms)
  ok  21 [chromium] › e2e\auth-stale-startup.spec.ts:12:9 › invalid retained saved-only credentials return to login at / (463ms)
  ok  22 [chromium] › e2e\auth-stale-startup.spec.ts:12:9 › invalid retained local credentials return to login at /invite/7326a0ae (524ms)
  ok  23 [chromium] › e2e\auth-stale-startup.spec.ts:12:9 › invalid retained session credentials return to login at /invite/7326a0ae (504ms)
  ok  24 [chromium] › e2e\auth-stale-startup.spec.ts:12:9 › invalid retained access-only credentials return to login at /invite/7326a0ae (507ms)
  ok  25 [chromium] › e2e\auth-stale-startup.spec.ts:12:9 › invalid retained saved-only credentials return to login at /invite/7326a0ae (503ms)
  ok  26 [chromium] › e2e\auth-stale-startup.spec.ts:102:5 › startup 401 still refreshes a valid remembered session (483ms)
  ok  27 [chromium] › e2e\auth-stale-startup.spec.ts:126:5 › authenticated invite deep link shows invalid and existing-member states (708ms)
  ok  28 [chromium] › e2e\camera-device-selection.spec.ts:4:7 › Discord 风格摄像头设备选择与视频预览全链路验收 › 完整验证系统摄像头设备枚举、设置中心画面实时测试预览、镜像翻转与通话控制栏快捷切换菜单 (1.5s)
  ok  29 [chromium] › e2e\camera-live-stream.spec.ts:4:7 › 语音频道摄像头直播（Webcam Live Streaming）与舞台聚焦验收 › 完整验证摄像头推拉流、自拍镜像、网格视频挂载、舞台聚焦/钉选与侧边栏快捷开关全链路 (1.0s)
  ok  30 [chromium] › e2e\channel-category.spec.ts:31:7 › 频道分类（Category）全生命周期端到端验收 › 频道分类创建、折叠展开、分类下建频道、重命名、移动与安全删除全链路验证 (1.8s)
  ok  31 [chromium] › e2e\channel-category.spec.ts:174:7 › 频道分类（Category）全生命周期端到端验收 › 频道拖拽排版与跨分类流转验证：DragOverlay 跟随、平滑让位与无卡顿交互 (1.1s)
  ok  32 [chromium] › e2e\channel-creation-idempotency.spec.ts:31:7 › 频道创建单向数据流与防重复/防强制跳频端到端验收 › 创建频道流程：单向数据流驱动，不重复显示两个相同频道，刷新前后一致，且不强制打断其他成员 (921ms)
  ok  33 [chromium] › e2e\channel-memory.spec.ts:98:7 › 服务器频道记忆与首次进入默认频道 (Channel Memory & Default Channel) › 切换公会时能准确记住各自最后停留的频道，且切回时恢复该频道，页面刷新持久化有效 (1.2s)
  ok  34 [chromium] › e2e\channel-memory.spec.ts:185:7 › 服务器频道记忆与首次进入默认频道 (Channel Memory & Default Channel) › 被记忆的频道被删除后，重新切回公会能够安全自动降级到剩余的排序第一文字频道 (892ms)
  ok  35 [chromium] › e2e\channel-memory.spec.ts:232:7 › 服务器频道记忆与首次进入默认频道 (Channel Memory & Default Channel) › 当记忆或选中的频道处于折叠分类中时，自动自愈展开该分类并平滑展示目标频道 (904ms)
  ok  36 [chromium] › e2e\channel-memory.spec.ts:264:7 › 服务器频道记忆与首次进入默认频道 (Channel Memory & Default Channel) › 当记忆或选中的频道位于长列表下方时，频道列表自动平滑滚动到该频道可视区域 (1.8s)
  ok  37 [chromium] › e2e\channel-memory.spec.ts:397:7 › 纯函数单元测试：频道视觉排序与默认频道解析算法 (channelNavigation) › getSortedGuildChannels: 准确先排未分类再按分类升序排列子频道 (0ms)
  ok  38 [chromium] › e2e\channel-memory.spec.ts:407:7 › 纯函数单元测试：频道视觉排序与默认频道解析算法 (channelNavigation) › getDefaultGuildChannel: 优先命中首个文字频道，即使排在第0项的是语音频道 (0ms)
  ok  39 [chromium] › e2e\channel-memory.spec.ts:414:7 › 纯函数单元测试：频道视觉排序与默认频道解析算法 (channelNavigation) › getDefaultGuildChannel: 当公会仅包含语音频道时，优雅回退到排序第一项语音频道 (0ms)
  ok  40 [chromium] › e2e\channel-memory.spec.ts:439:7 › 纯函数单元测试：频道视觉排序与默认频道解析算法 (channelNavigation) › resolveGuildChannel: 有有效历史记忆时优先恢复，记忆失效时回退到默认 (0ms)
  ok  41 [chromium] › e2e\channel-mute-duration.spec.ts:4:7 › 频音频道静音与时长选项自动化验收 (Channel Mute & Duration Options) › 支持静音频道多级时长选项、右侧常驻静音图标、取消静音以及持久化生效 (2.5s)
  ok  42 [chromium] › e2e\channel-switch-cleanup.spec.ts:16:7 › 频道切换前数据清理与防残留 (Channel Switch Cleanup) › 切换文字频道时即刻清除旧消息并展现骨架屏，杜绝旧频道内容残留 (875ms)
  ok  43 [chromium] › e2e\channel-switch-cleanup.spec.ts:111:7 › 频道切换前数据清理与防残留 (Channel Switch Cleanup) › 输入框草稿按频道独立隔离保存，切换频道时互不污染并支持切回恢复 (775ms)
  ok  44 [chromium] › e2e\chat-floating-history-banner.spec.ts:99:7 › 消息视口顶部悬浮历史横幅与上下边缘渐变模糊验收 › 验证顶部悬浮横幅出现、上下渐变模糊层及回到最新消息流程 (1.3s)
  ok  45 [chromium] › e2e\chat-image-skeleton.spec.ts:28:7 › 聊天消息图片加载骨架屏与优雅容错验收 (Chat Image Skeleton & Error Fallback) › 聊天消息图片加载时展示骨架屏(animate-pulse)，并在完全加载完成后平滑关闭骨架屏 (3.6s)
  ok  46 [chromium] › e2e\chat-image-skeleton.spec.ts:134:7 › 聊天消息图片加载骨架屏与优雅容错验收 (Chat Image Skeleton & Error Fallback) › 图片加载失败时骨架屏关闭并展示优雅错误卡片，点击重试后恢复正常加载 (1.1s)
  ok  47 [chromium] › e2e\chat-image-skeleton.spec.ts:245:7 › 聊天消息图片加载骨架屏与优雅容错验收 (Chat Image Skeleton & Error Fallback) › 超长横图(1000x100)正常展示且容器高度自适应贴合，无多余灰色留白空间 (1.0s)
  ok  48 [chromium] › e2e\chat-image-skeleton.spec.ts:345:7 › 聊天消息图片加载骨架屏与优雅容错验收 (Chat Image Skeleton & Error Fallback) › 发送栏图片卡片预览、直接呼出大图灯箱及滚轮锚点缩放/双击缩放/Discord风格工具栏完整交互验收 (1.4s)
  ok  49 [chromium] › e2e\chat-scroll-unread-attachment.spec.ts:82:7 › 消息滚动记忆、新消息红线消除与多类型附件上传综合验收 › 1. 消息滚动记忆纯物理恢复：切换离开再返回时精确还原离开时的 scrollTop (1.6s)
  ok  50 [chromium] › e2e\chat-scroll-unread-attachment.spec.ts:147:7 › 消息滚动记忆、新消息红线消除与多类型附件上传综合验收 › 2. 新消息分割红线视口消除：新消息在视口内曝光停留超1秒后，红线自动淡出消除 (2.2s)
  ok  51 [chromium] › e2e\chat-scroll-unread-attachment.spec.ts:190:7 › 消息滚动记忆、新消息红线消除与多类型附件上传综合验收 › 3. 附件多格式上传、拖拽高亮蒙层与高危扩展名拦截 (745ms)
  ok  52 [chromium] › e2e\chat-scroll-unread-attachment.spec.ts:270:7 › 消息滚动记忆、新消息红线消除与多类型附件上传综合验收 › 4. 验证当用户进入频道处于最底部时，绝不呈现未读红线分割条与跳到最新浮条 (639ms)
  ok  53 [chromium] › e2e\chat-scroll-unread-attachment.spec.ts:310:7 › 消息滚动记忆、新消息红线消除与多类型附件上传综合验收 › 5. 阅读历史时发送自己的消息后回到最新消息 (744ms)
  ok  54 [chromium] › e2e\cloudflare-media-security.spec.ts:5:5 › Gateway accepts Electron file origin (2.0s)
  ok  55 [chromium] › e2e\cloudflare-media-security.spec.ts:36:5 › Cloudflare media endpoints reject anonymous and forged channel/session operations (478ms)
  ok  56 [chromium] › e2e\current-user-popout.spec.ts:52:7 › Discord 风格左下角当前用户弹窗卡片 (CurrentUserPopout) E2E 验收 › 验证点击左下角用户条目展示卡片、卡片外部点击关闭、ESC 关闭与交互 (1.3s)
  ok  57 [chromium] › e2e\custom-titlebar.spec.ts:4:7 › Electron 自定义无边框窗口与沉浸式顶栏 (TitleBar) 验收 › 1. 纯 Web 浏览器环境下自动隐藏顶栏，不占用任何界面高度 (390ms)
  ok  58 [chromium] › e2e\custom-titlebar.spec.ts:18:7 › Electron 自定义无边框窗口与沉浸式顶栏 (TitleBar) 验收 › 2. Windows/Linux 桌面端模式下呈现完整顶栏与三键控制，并支持双击最大化与状态动态同步 (619ms)
  ok  59 [chromium] › e2e\custom-titlebar.spec.ts:124:7 › Electron 自定义无边框窗口与沉浸式顶栏 (TitleBar) 验收 › 3. macOS 桌面端模式下适配原生交通灯，隐藏右侧自绘制按钮并保留左侧避让边距 (476ms)
  ok  60 [chromium] › e2e\custom-titlebar.spec.ts:171:7 › Electron 自定义无边框窗口与沉浸式顶栏 (TitleBar) 验收 › 4. 未登录状态下自动进入小窗口模式 (auth mode)：隐藏最大化按钮与 Ping 徽标，仅保留最小化与关闭 (291ms)
  ok  61 [chromium] › e2e\denoise-engines.spec.ts:28:5 › 发送端电平反映手动增益并在静音时归零 (2.1s)
  ok  62 [chromium] › e2e\denoise-engines.spec.ts:68:5 › 真实三引擎切换、关闭、PTT 与资源释放 (3.4s)
  ok  63 [chromium] › e2e\denoise-engines.spec.ts:172:5 › DTLN 模型校验失败时回退真实 RNNoise 并报告原因 (359ms)
  ok  64 [chromium] › e2e\denoise-engines.spec.ts:208:5 › RNNoise 无法加载时明确直通且保留用户选择 (341ms)
  ok  65 [chromium] › e2e\denoise-engines.spec.ts:240:5 › 四轨试听取消后保留通话麦克风并释放试听实例 (1.3s)
  ok  66 [chromium] › e2e\denoise-engines.spec.ts:281:5 › 一次录音重放为四轨真实引擎试听 (3.4s)
  ok  67 [chromium] › e2e\denoise-engines.spec.ts:324:5 › 试听时间轴识别并校正 50 ms 延迟 (174ms)
  ok  68 [chromium] › e2e\desktop-updater.spec.ts:137:7 › 客户端更新服务与 gh-proxy 加速端到端验收 › 应当在用户设置中提供'版本与更新'面板，并能正确触发增量更新检测与 gh-proxy 加速配置 (837ms)
  ok  69 [chromium] › e2e\desktop-updater.spec.ts:189:7 › 客户端更新服务与 gh-proxy 加速端到端验收 › 当后台静默接收到增量更新就绪事件时，应当在页面右下角浮出温和重启提醒横幅 (497ms)
  ok  70 [chromium] › e2e\discord-features-enhancement.spec.ts:133:7 › Discord 级体验增强核心交互验证 (问题2/3/4/5/6) › 问题 6 验收：顶部 Header 图钉按钮、置顶消息面板 (PinnedMessagesPopover) 与定位跳转 (711ms)
  ok  71 [chromium] › e2e\discord-features-enhancement.spec.ts:180:7 › Discord 级体验增强核心交互验证 (问题2/3/4/5/6) › 问题 3 验收：全局输入与输出音量调节范围 (0-200%) 并成功持久化到 localStorage (849ms)
  ok  72 [chromium] › e2e\discord-features-enhancement.spec.ts:213:7 › Discord 级体验增强核心交互验证 (问题2/3/4/5/6) › 问题 2 验收：语音成员用户音量独立记忆 (0-200%) 与持久化机制 (357ms)
  ok  73 [chromium] › e2e\discord-features-enhancement.spec.ts:232:7 › Discord 级体验增强核心交互验证 (问题2/3/4/5/6) › 问题 4 验收：点击卡片右上角“停止直播”红色按钮及控制栏直接关停推流，绝不误弹选择码率 Modal (1.6s)
  ok  74 [chromium] › e2e\display-name-priority.spec.ts:20:7 › 聊天与个人信息卡片名称主显示调整为 displayName 验收 › 验证左下角状态条与个人信息卡片主显示 displayName 且副显示 @username (562ms)
  ok  75 [chromium] › e2e\e2ee-channel-messaging.spec.ts:16:7 › 端到端双棘轮加密频道消息收发与查看验收 (E2EE Channel Messaging) › 在加密频道中正常发送加密信封消息，正确展示 Beta 标识与已解密明文 (1.0s)
  ok  76 [chromium] › e2e\five-core-enhancements.spec.ts:78:7 › Tescord 五大音视频与状态同步核心能力 E2E 自动化验收 › 1. 用户个人设置项本地持久化与防刷新丢失 (useSettingsStore + F5 Reload) (499ms)
  ok  77 [chromium] › e2e\five-core-enhancements.spec.ts:157:7 › Tescord 五大音视频与状态同步核心能力 E2E 自动化验收 › 2. 远端用户独立音量双向响应式同步 (livekitService + ContextMenu + VoiceRoomArea) (400ms)
  ok  78 [chromium] › e2e\five-core-enhancements.spec.ts:206:7 › Tescord 五大音视频与状态同步核心能力 E2E 自动化验收 › 3. Intel 显卡及 Web 浏览器环境 H.265 编码器探测支持 (395ms)
  ok  79 [chromium] › e2e\five-core-enhancements.spec.ts:226:7 › Tescord 五大音视频与状态同步核心能力 E2E 自动化验收 › 4. P2P 直播推流首选编码器保持（打破 VP8 锁定） (375ms)
  ok  80 [chromium] › e2e\five-core-enhancements.spec.ts:253:7 › Tescord 五大音视频与状态同步核心能力 E2E 自动化验收 › 5. 纯语音 Mesh P2P 延迟统计与双维度展示指标 (406ms)
  ok  81 [chromium] › e2e\five-core-enhancements.spec.ts:276:7 › Tescord 五大音视频与状态同步核心能力 E2E 自动化验收 › 6. WebRTC 媒体与网络健康看板 Tab 切换 (总览/语音/视频/NAT) 与音视频双轨指标渲染 (425ms)
  ok  82 [chromium] › e2e\five-enhancements-verified.spec.ts:18:7 › 五大核心优化功能端到端综合验收测试 (Five Enhancements Verification) › 1. 验证主页私信未读 Badge 与服务器提及 Badge 规范渲染 (441ms)
  ok  83 [chromium] › e2e\five-enhancements-verified.spec.ts:37:7 › 五大核心优化功能端到端综合验收测试 (Five Enhancements Verification) › 2. 验证私信列表置顶排序、静音与备注展示逻辑 (476ms)
  ok  84 [chromium] › e2e\five-enhancements-verified.spec.ts:53:7 › 五大核心优化功能端到端综合验收测试 (Five Enhancements Verification) › 3. 验证好友全功能右键菜单操作项完备性 (507ms)
  ok  85 [chromium] › e2e\five-enhancements-verified.spec.ts:86:7 › 五大核心优化功能端到端综合验收测试 (Five Enhancements Verification) › 4. 验证服务器“邀请好友”Modal (图1) 及“邀请链接设置”Modal (图2) 完整链路 (373ms)
  ok  86 [chromium] › e2e\five-enhancements-verified.spec.ts:149:7 › 五大核心优化功能端到端综合验收测试 (Five Enhancements Verification) › 5. 验证聊天消息中服务器邀请卡片已加入状态及 URL 不暴露 (377ms)
  ok  87 [chromium] › e2e\five-enhancements-verified.spec.ts:160:7 › 五大核心优化功能端到端综合验收测试 (Five Enhancements Verification) › 6. 专项验证：Badge 红底白字配色与私信顶部 displayName 机制 (446ms)
  ok  88 [chromium] › e2e\four-core-fixes.spec.ts:147:7 › 4项核心缺陷与体验优化验收 (Four Core Fixes E2E) › 1. 智能跳转与横幅逻辑：在查看较旧历史消息时呈现'跳到最新'，点击平滑贴底 (1.1s)
  ok  89 [chromium] › e2e\four-core-fixes.spec.ts:195:7 › 4项核心缺陷与体验优化验收 (Four Core Fixes E2E) › 2. 语音频道记忆逻辑：浏览特定文字频道后进入语音频道，挂断时应优先回跳到该文字频道 (582ms)
  ok  90 [chromium] › e2e\four-core-fixes.spec.ts:235:7 › 4项核心缺陷与体验优化验收 (Four Core Fixes E2E) › 3. 音频设备隔离记忆：本地硬件设备 ID 仅保存在本机，云端拉取不会覆盖本地设备 ID (359ms)
  ok  91 [chromium] › e2e\four-core-fixes.spec.ts:285:7 › 4项核心缺陷与体验优化验收 (Four Core Fixes E2E) › 4. 未读分流跳转：存在未读消息且视口脱离底部时，悬浮横幅展示'您有未读消息'与'跳转至未读' (839ms)
  ok  92 [chromium] › e2e\friend-and-identity.spec.ts:199:7 › 用户身份解耦、图1样式还原与好友系统 (Friends & Identity) E2E 验收 › 1. 验证私信栏【好友】面板交互：在线列表、待处理角标与格式负向/正向添加申请 (718ms)
  ok  93 [chromium] › e2e\friend-and-identity.spec.ts:264:7 › 用户身份解耦、图1样式还原与好友系统 (Friends & Identity) E2E 验收 › 2. 验证个人资料设置中调整显示昵称、用户识别码及图 1 样式 1:1 动态实时还原 (719ms)
  ok  94 [chromium] › e2e\gateway-and-real-latency.spec.ts:32:7 › 真实延迟状态与网关连接指示端到端验收 › 验证 WebSocket 网关 Ping 实时测量与用户栏延迟徽标展示 (492ms)
  ok  95 [chromium] › e2e\gateway-and-real-latency.spec.ts:67:7 › 真实延迟状态与网关连接指示端到端验收 › 验证进入语音频道后真实 WebRTC RTT 延迟状态与健康看板 (816ms)
  ok  96 [chromium] › e2e\gateway-and-real-latency.spec.ts:118:7 › 真实延迟状态与网关连接指示端到端验收 › 验证网关断线重连状态条展示 (Discord 风格 Connection Banner) (467ms)
  ok  97 [chromium] › e2e\i18n-language-switch.spec.ts:4:7 › Tescord 多国语言 (i18n: zh-CN / zh-TW / zh-HK / en-US / ja-JP) 端到端与热切换验收 › 1. 未登录状态下通过右上角快捷选择器自由切换 中/繁台/繁港/英/日 语言 (1.2s)
  ok  98 [chromium] › e2e\i18n-language-switch.spec.ts:101:7 › Tescord 多国语言 (i18n: zh-CN / zh-TW / zh-HK / en-US / ja-JP) 端到端与热切换验收 › 2. 已登录状态下在用户设置中心热切换语言并验证持久化 (1.1s)
  ok  99 [chromium] › e2e\indexeddb-virtual-scroll.spec.ts:16:7 › 客户端 IndexedDB 本地秒开、虚拟视口与未读红线滚动记忆验收 › 验证 IndexedDB SWR 本地秒开：网络延迟下直接直出本地缓存，跳过骨架屏 (724ms)
  ok 100 [chromium] › e2e\indexeddb-virtual-scroll.spec.ts:96:7 › 客户端 IndexedDB 本地秒开、虚拟视口与未读红线滚动记忆验收 › 验证虚拟视口列表（Virtual List）：100 条消息下 DOM 树仅按需渲染可见子节点 (652ms)
  ok 101 [chromium] › e2e\indexeddb-virtual-scroll.spec.ts:145:7 › 客户端 IndexedDB 本地秒开、虚拟视口与未读红线滚动记忆验收 › 验证未读红线分割条（Unread Divider）与向上滚动后切走切回的精准记忆恢复 (1.1s)
  ok 102 [chromium] › e2e\indexeddb-virtual-scroll.spec.ts:214:7 › 客户端 IndexedDB 本地秒开、虚拟视口与未读红线滚动记忆验收 › 验证骨架屏 100ms 延迟防闪烁（Debounced Skeleton）：极速返回时不闪烁，超时后平滑呈现 (851ms)
  ok 103 [chromium] › e2e\indexeddb-virtual-scroll.spec.ts:310:7 › 客户端 IndexedDB 本地秒开、虚拟视口与未读红线滚动记忆验收 › 验证未读红线视觉冻结（Frozen Unread Marker）：在当前频道浏览并滚到底部时，红线绝对不自动自毁闪烁消失 (984ms)
  ok 104 [chromium] › e2e\indexeddb-virtual-scroll.spec.ts:384:7 › 客户端 IndexedDB 本地秒开、虚拟视口与未读红线滚动记忆验收 › 验证虚拟卡片绝对定位绝无重叠（Overlap-Free）：多条不同高度消息自适应排版，各卡片边界绝不叠压 (798ms)
  ok 105 [chromium] › e2e\loading-bar.spec.ts:6:7 › Tescord 首屏与鉴权轻量无文字 Loading 加载条验收 › 静态验证：index.html 中内联轻量流光加载条，无文字提示且具备高保真内联样式 (1ms)
  ok 106 [chromium] › e2e\loading-bar.spec.ts:27:7 › Tescord 首屏与鉴权轻量无文字 Loading 加载条验收 › 动态验证：首屏渲染包含居中 Loading 进度条，随后平滑过渡至登录或主界面，控制台无未捕获异常 (426ms)
  ok 107 [chromium] › e2e\maintenance-mode.spec.ts:42:7 › 管理员维护模式（Maintenance Mode）全链路与 WebSocket 响应端到端验收 › 用例 1：普通用户在维护开启时即时呈现全屏维护页，长连接保持，维护解除后秒级恢复 (688ms)
  ok 108 [chromium] › e2e\maintenance-mode.spec.ts:164:7 › 管理员维护模式（Maintenance Mode）全链路与 WebSocket 响应端到端验收 › 用例 2：超级管理员登录不受维护页阻断，顶部常驻运维警示条，支持一键解除维护 (426ms)
  ok 109 [chromium] › e2e\media-stats-hud-and-topology.spec.ts:52:7 › 媒体属性面板、传输速率与网络连接架构端到端验收 › 纯语音通话显示 SFU 架构，未采集指标保持未知且不误判为 P2P，支持拖拽浮动、失焦自动收起与聚焦模式联动 (1.3s)
  ok 110 [chromium] › e2e\member-list-animation.spec.ts:31:7 › 右侧成员列表展开/隐藏动画端到端验收 › 桌面端 (≥1024px)：成员列表支持平滑宽度展开与收起动画 (0px <-> 240px) (1.1s)
  ok 111 [chromium] › e2e\member-list-animation.spec.ts:69:7 › 右侧成员列表展开/隐藏动画端到端验收 › 平板与移动端 (<1024px)：成员列表以浮层抽屉平滑滑入滑出，遮罩双向淡入淡出 (1.3s)
  ok 112 [chromium] › e2e\message-reply-jump.spec.ts:167:7 › 消息引用跳转原文与高亮交互端到端验收 (Discord-Parity) › 验证点击引用条平滑跳转到原文、高亮闪烁动画，离开底部浮现返回最新胶囊 (1.5s)
  ok 113 [chromium] › e2e\mobile-settings-navigation.spec.ts:28:5 › 320px 用户设置目录和详情均可阅读，返回保留表单 (1.2s)
  ok 114 [chromium] › e2e\mobile-settings-navigation.spec.ts:53:5 › 390px 私信主页可以打开服务器列表并进入服务器 (1.2s)
  ok 115 [chromium] › e2e\mobile-settings-navigation.spec.ts:71:5 › 375px 管理后台使用目录和全宽详情 (998ms)
  ok 116 [chromium] › e2e\mobile-settings-navigation.spec.ts:88:5 › 390px 服务器设置目录切换后内容占满屏宽 (1.3s)
  ok 117 [chromium] › e2e\modal-esc-and-invite-landing.spec.ts:4:7 › 清库401自愈、Discord风格邀请落地页与Modal大窗口ESC独立工具栏验收 › 1. 遗留 401 凭据清库后访问：不卡白屏/加载条，自动自愈重定向回登录页 (385ms)
  ok 118 [chromium] › e2e\modal-esc-and-invite-landing.spec.ts:61:7 › 清库401自愈、Discord风格邀请落地页与Modal大窗口ESC独立工具栏验收 › 2. 未登录直接访问 /invite/:code：展示 Discord 风格邀请名片、统计及登录/注册引导 (501ms)
  ok 119 [chromium] › e2e\modal-esc-and-invite-landing.spec.ts:137:7 › 清库401自愈、Discord风格邀请落地页与Modal大窗口ESC独立工具栏验收 › 3. 已登录直接访问 /invite/:code：展示邀请卡片并支持一键接受加入公会 (482ms)
  ok 120 [chromium] › e2e\modal-esc-and-invite-landing.spec.ts:254:7 › 清库401自愈、Discord风格邀请落地页与Modal大窗口ESC独立工具栏验收 › 4. 桌面大窗口下 Modal ESC 按钮独立 Tools Column 专属布局验收（不遮挡内容） (658ms)
  ok 121 [chromium] › e2e\multi-device-voice.spec.ts:4:7 › 多设备语音互斥接管与会话状态自动化验收 (Multi-device Voice Exclusivity) › 当语音被其他设备接管时，旧设备能够优雅退出、释放麦克风并呈现转移横幅与一键拉回 (1.1s)
  ok 122 [chromium] › e2e\noise-suppression-dual-engine.spec.ts:4:7 › 三引擎降噪与四轨 A/B 录音试听全链路验收 › 完整验证三引擎切换、试听入口与底栏快捷轮换 (1.5s)
  ok 123 [chromium] › e2e\p2p-streaming-transmission-mode.spec.ts:148:7 › P2P 直连与智能接力直播传输模式端到端自动化验收 › 主播可以在直播弹窗中自由选择「服务器中继」与「P2P 直连打洞」，并能切换 Mesh 直连与 Tree 接力 (1.2s)
  ok 124 [chromium] › e2e\p2p-streaming-transmission-mode.spec.ts:218:7 › P2P 直连与智能接力直播传输模式端到端自动化验收 › 网络健康看板中能够实时展示「P2P 穿透与拓扑诊断 (NAT & Relay HUD)」 (3.8s)
[PAGE info]: Audio capture settings {channelCount: 2, deviceId: WebAudio-f0bbdc99-7bd8-4d54-bb5e-e1c6c7f38715, latency: 0.01, sampleRate: 48000, sampleSize: 16} AudioContext 48000
[PAGE warning]: 音频采集约束与实际状态 [无法确认浏览器 AEC 状态, 无法确认浏览器 NS 状态, 无法确认浏览器 AGC 状态] {channelCount: 2, deviceId: WebAudio-f0bbdc99-7bd8-4d54-bb5e-e1c6c7f38715, latency: 0.01, sampleRate: 48000, sampleSize: 16}
[PAGE log]: ✅ RNNoise 神经网络 AudioWorklet AI 降噪引擎加载完成
[PAGE info]: 🚀 P2PStreamManager 主播推流已就绪 [模式: p2p_direct]
  ok 125 [chromium] › e2e\p2p-streaming-transmission-mode.spec.ts:269:7 › P2P 直连与智能接力直播传输模式端到端自动化验收 › 主播以 P2P 直连模式启动直播推流后，本地卡片能够即刻渲染推流画面且保持稳定 (1.0s)
  ok 126 [chromium] › e2e\permissions-channel-and-invite.spec.ts:15:7 › 频道与分类拖拽及创建/邀请入口权限控制专项端到端验收 › 1. 普通成员（无 MANAGE_CHANNELS 与 CREATE_INVITE 权限）：彻底禁用拖拽、隐藏新建分类/新建频道及邀请入口 (769ms)
  ok 127 [chromium] › e2e\permissions-channel-and-invite.spec.ts:133:7 › 频道与分类拖拽及创建/邀请入口权限控制专项端到端验收 › 2. 特权/管理员用户：完整展示侧边栏按钮、分类新建按钮、频道右键邀请与右键管理功能 (1.1s)
  ok 128 [chromium] › e2e\presence.spec.ts:51:7 › 真实用户在线状态 (Online Presence / Status) 端到端全链路验收 › 验证进入服务器后成员列表渲染与初始状态指示灯 (632ms)
  ok 129 [chromium] › e2e\presence.spec.ts:86:7 › 真实用户在线状态 (Online Presence / Status) 端到端全链路验收 › 验证右键菜单切换自身状态至请勿打扰 (DND) 与隐身 (INVISIBLE) (1.3s)
  ok 130 [chromium] › e2e\presence.spec.ts:135:7 › 真实用户在线状态 (Online Presence / Status) 端到端全链路验收 › 验证接收网关 PRESENCE_UPDATE 广播后成员列表即时响应式联动 (656ms)
  ok 131 [chromium] › e2e\presence.spec.ts:191:7 › 真实用户在线状态 (Online Presence / Status) 端到端全链路验收 › 验证私信会话列表中好友状态指示灯与 PRESENCE_UPDATE 实时一致性联动 (521ms)
  ok 132 [chromium] › e2e\production-auth-and-invites.spec.ts:4:7 › 生产环境化治理与全站注册邀请码端到端验收 › 1. 登录界面净化：彻底取消快速联调预设账号，无任何测试凭据暴露 (405ms)
  ok 133 [chromium] › e2e\production-auth-and-invites.spec.ts:28:7 › 生产环境化治理与全站注册邀请码端到端验收 › 2. 注册表单支持邀请码输入，且通过 URL 参数 ?invite= 自动打开并预填 (417ms)
  ok 134 [chromium] › e2e\production-auth-and-invites.spec.ts:49:7 › 生产环境化治理与全站注册邀请码端到端验收 › 3. 超级管理员控制台：包含独立的「注册邀请码」Tab，可创建并展示邀请码 (1.0s)
  ok 135 [chromium] › e2e\profile-and-activity.spec.ts:63:7 › 游戏状态自动侦测与全维度展示卡个性化 (Profiles & Game Activity) E2E 验收 › 验证展示卡个性化设置页双栏结构、1:1 动态实时预览及游戏状态交互 (1.1s)
  ok 136 [chromium] › e2e\profile-mobile-responsive.spec.ts:66:7 › 移动端 Web 与较小视口“编辑个人资料 / 用户设置”响应式交互验收 › 移动端小视口 (375x667)：目录与详情切换、全屏Modal、悬浮预览及无溢出保存条 (1.3s)
  ok 137 [chromium] › e2e\profile-mobile-responsive.spec.ts:210:7 › 移动端 Web 与较小视口“编辑个人资料 / 用户设置”响应式交互验收 › 超窄屏移动端 (360x740)：验证无横向溢出与表单输入无缩放冲突 (976ms)
  ok 138 [chromium] › e2e\quick-account-login.spec.ts:9:7 › 邮箱记忆与 Discord 快捷多账号登录及7天免密端到端验收测试 › 1. 首次登录成功后自动记忆账号资料，登出后优先呈现类似 Discord 的快捷账号卡片 (800ms)
  ok 139 [chromium] › e2e\quick-account-login.spec.ts:74:7 › 邮箱记忆与 Discord 快捷多账号登录及7天免密端到端验收测试 › 2. 点击快捷账号卡片平滑切入密码输入，展示选中账号信息并支持一键返回 (923ms)
  ok 140 [chromium] › e2e\quick-account-login.spec.ts:137:7 › 邮箱记忆与 Discord 快捷多账号登录及7天免密端到端验收测试 › 3. 支持从设备快捷移除已记忆账号，清空后自动回退至常规邮箱输入页 (417ms)
  ok 141 [chromium] › e2e\quick-account-login.spec.ts:183:7 › 邮箱记忆与 Discord 快捷多账号登录及7天免密端到端验收测试 › 4. 在账号选择页支持‘使用其他账号登录’与‘返回账号列表’双向切换 (653ms)
  ok 142 [chromium] › e2e\real-webrtc-loopback.spec.ts:3:5 › 真实 Chromium PeerConnection 直连产生媒体字节、解码帧和一致编解码 (767ms)
  ok 143 [chromium] › e2e\reauth-modal.spec.ts:4:7 › 令牌失效重新登录 Modal 与会话无感恢复验收 › 401 拦截后弹出毛玻璃重新登录 Modal、阻断关闭并在验证密码后无缝恢复 (673ms)
  ok 144 [chromium] › e2e\reauth-modal.spec.ts:228:7 › 令牌失效重新登录 Modal 与会话无感恢复验收 › WebSocket 会话失效事件可唤起 ReauthModal，且支持切换账号彻底登出 (516ms)
  ok 145 [chromium] › e2e\reauth-modal.spec.ts:323:7 › 令牌失效重新登录 Modal 与会话无感恢复验收 › ReauthModal 允许通过按 ESC 键或右上角关闭按钮退出并重定向至登录页 (442ms)
  ok 146 [chromium] › e2e\screen-share-audio-fallback.spec.ts:4:7 › 屏幕分享伴音异常与自动优雅降级 (NotReadableError Audio Fallback) E2E 验收 › 当捕获系统伴音失败 (NotReadableError) 时，系统必须自动无缝降级为纯画面推流并展示全局 Toast 提示 (943ms)
  ok 147 [chromium] › e2e\screen-share-resolution-16x9.spec.ts:4:7 › 屏幕分享 16:9 自适应分辨率与屏幕尺寸硬性禁用 E2E 验收 › 在屏幕共享弹窗中根据屏幕尺寸动态限制最大 16:9 分辨率，并支持 Discord 风格矩阵解耦选择与推流 (1.3s)
  ok 148 [chromium] › e2e\screen-share-user-card.spec.ts:4:7 › 直播屏幕分享与摄像头画面融合（画中画自由切换）E2E 验收 › 完整验证屏幕分享在用户卡片内展示、右下角画中画叠加、点击自由切换主次画面与平滑回退全链路 (1.4s)
  ok 149 [chromium] › e2e\security-boundaries.spec.ts:10:5 › Gateway rejects forged identity and cross-guild voice signaling (1.2s)
  ok 150 [chromium] › e2e\security-boundaries.spec.ts:100:5 › HTTP and Gateway reject missing, expired, revoked and banned sessions (1.2s)
[WebServer] [LiveKit Webhook] Verification or handling failed: authorization header is empty
  ok 151 [chromium] › e2e\security-boundaries.spec.ts:207:5 › private attachments reject direct reads and invalid signatures; webhook uses its signature gate (371ms)
  ok 152 [chromium] › e2e\security-boundaries.spec.ts:378:5 › image preview is smaller while the original bytes remain available (364ms)
  ok 153 [chromium] › e2e\security-dialog-modal.spec.ts:4:7 › 全局决策模态框与4位安全验证码验收 (Security Code & Dialog Modal E2E) › 验证自定义确认模态框正常唤起并响应取消操作（平替 window.confirm） (2.2s)
  ok 154 [chromium] › e2e\security-dialog-modal.spec.ts:50:7 › 全局决策模态框与4位安全验证码验收 (Security Code & Dialog Modal E2E) › 验证解散服务器弹窗展示4位随机安全码：错误输入时禁用，正确输入后激活 (2.4s)
  ok 155 [chromium] › e2e\server-isolation-and-discovery.spec.ts:4:7 › 服务器未加入隔离与公开社区探索中心验收 (Server Isolation & Discovery) › 未加入服务器的用户不可见该服务器，侧边栏可打开公开社区探索并加入 (2.0s)
  ok 156 [chromium] › e2e\server-isolation-and-discovery.spec.ts:112:7 › 服务器未加入隔离与公开社区探索中心验收 (Server Isolation & Discovery) › 私有服务器完全不对未加入者公开且不能在探索列表中被检索 (195ms)
  ok 157 [chromium] › e2e\server-isolation-and-discovery.spec.ts:183:7 › 服务器未加入隔离与公开社区探索中心验收 (Server Isolation & Discovery) › 同一客户端在用户切换时彻底清空上一个账号的聊天消息与公会数据，绝无跨用户消息残留 (2.7s)
  ok 158 [chromium] › e2e\server-sidebar-scroll.spec.ts:4:7 › 服务器侧边栏超出容器时竖向滚动与滚动条隐藏验收 › 当服务器数量超出容器高度时能够平滑竖向滚动，隐藏滚动条，且底部创建/探索操作常驻吸底 (478ms)
  ok 159 [chromium] › e2e\server-sidebar-scroll.spec.ts:149:7 › 服务器侧边栏超出容器时竖向滚动与滚动条隐藏验收 › 用户可以通过拖拽自由调整服务器排序（个人偏好），且本地持久化与页面刷新后保持最新偏好 (1.1s)
  ok 160 [chromium] › e2e\settings-modals.spec.ts:32:7 › 编辑频道与服务器设置自适应模态框 (Modal) 交互验收 › 验证编辑频道 Modal：通过齿轮与右键菜单唤起、表单渲染与关闭 (596ms)
  ok 161 [chromium] › e2e\settings-modals.spec.ts:85:7 › 编辑频道与服务器设置自适应模态框 (Modal) 交互验收 › 频道悬浮齿轮打开编辑弹窗并可用 ESC 关闭 (605ms)
  ok 162 [chromium] › e2e\settings-modals.spec.ts:101:7 › 编辑频道与服务器设置自适应模态框 (Modal) 交互验收 › 验证服务器设置自适应响应式 Modal：居中卡片挂载、导航切换与关闭 (578ms)
  ok 163 [chromium] › e2e\smoke.spec.ts:4:7 › Tescord Web 端到端冒烟与核心交互验收 › 未登录状态下能够正常加载并呈现登录/注册引导 (413ms)
  ok 164 [chromium] › e2e\smoke.spec.ts:53:7 › Tescord Web 端到端冒烟与核心交互验收 › 已登录状态下验证三栏布局、服务器切换、右键菜单与音频降噪控制中心全生命周期 (1.6s)
  ok 165 [chromium] › e2e\typing-indicator.spec.ts:31:7 › 打字指示器 (Typing Indicator) 端到端交互与动效验收 › 打字指示器渲染、经典跳跃动画、多人文案与新消息到达自动消除 (790ms)
  ok 166 [chromium] › e2e\user-audio-settings.spec.ts:4:7 › 个人设置中心与全新“音频”菜单交互验收 › 点击左下角齿轮默认激活音频菜单，体验设备调节、降噪卡片切换与双栏导航 (1.4s)
  ok 167 [chromium] › e2e\user-note-profile-card.spec.ts:25:7 › 用户信息Card备注功能（1:1 Discord 交互与私有备注架构）端到端验收 › 用户备注完整链路：自身卡片无备注、他人卡片增删改查、失焦/回车保存及重新打开持久化验证 (1.2s)
  ok 168 [chromium] › e2e\user-profile-cards-redesign.spec.ts:25:7 › 用户资料卡片重排版与图1/图2交互差异化验收 (UserProfilePopout Redesign) › 图1（自身卡片：气泡状态与编辑个人资料）与图2（他人卡片：快捷私信与共同服务器）完整交互链路验证 (1.2s)
  ok 169 [chromium] › e2e\user-profile-popout-mutual-exclusion.spec.ts:4:7 › 用户信息卡片 (UserProfilePopout) 全局单例互斥显示 E2E 验收 › 核心缺陷回归：聊天消息头像呼出卡片与右侧成员列表卡片只能同时显示一个，且支持平滑切换与折叠 (1.1s)
  ok 170 [chromium] › e2e\video-codecs.spec.ts:4:7 › 视频编码格式（H.264 / AV1 / VP9 / VP8 / HEVC）与硬件加速 E2E 验收 › 在设置中心切换视频编码器、配置双编码降级与自定义码率，并在屏幕共享弹窗中灵活指定编码格式与查看视频卡片角标 (1.4s)
  ok 171 [chromium] › e2e\voice-channel-interaction.spec.ts:4:7 › 语音频道进入交互自动化验收 (Voice Channel Click & Double-Click) › 单击仅预览语音房间，双击直接连入通话，且右键菜单支持快捷连入 (2.0s)

  171 passed (2.9m)
